SESES
SESES
SESES
SESES
SESES
SESES
SESES
SESES
SESES
SESES
SESES
SESES
SESES
SESES
SESES
SESES
SESES
SESES
SESES
SESES
SESES
SESES
SESES
SESES
SESES
SESES
SESES
SESES
SESES
SESES
SESES
SESES
SESES
SESES
SESES
SESES
SESES
SESES
SESES
SESES
SESES
SESES
SESES
SESES
SESES
SESES
SESES
SESES
SESES
SESES
SESES
SESES
SESES
SESES
SESES
SESES
SESES
SESES
SESES
SESES
SESES
SESES
SESES
SESES
SESES
SESES
SESES
SESES
SESES
SESES
SESES
SESES
SESES
SESES
SESES
SESES
SESES
SESES
SESES
SESES
SESES
SESES
SESES
SESES
SESES
SESES
SESES
SESES
SESES
SESES
SESES
SESES
SESES
SESES
SESES
SESES
SESES
SESES
SESES
SESE
