ESSES
ESSES
ESSES
ESSES
ESSES
ESSES
ESSES
ESSES
ESSES
ESSES
ESSES
ESSES
ESSES
ESSES
ESSES
ESSES
ESSES
ESSES
ESSES
ESSES
ESSES
ESSES
ESSES
ESSES
ESSES
ESSES
ESSES
ESSES
ESSES
ESSES
ESSES
ESSES
ESSES
ESSES
ESSES
ESSES
ESSES
ESSES
ESSES
ESSES
ESSES
ESSES
ESSES
ESSES
ESSES
ESSES
ESSES
ESSES
ESSES
ESSES
ESSES
ESSES
ESSES
ESSES
ESSES
ESSES
ESSES
ESSES
ESSES
ESSES
ESSES
ESSES
ESSES
ESSES
ESSES
ESSES
ESSES
ESSES
ESSES
ESSES
ESSES
ESSES
ESSES
ESSES
ESSES
ESSES
ESSES
ESSES
ESSES
ESSES
ESSES
ESSES
ESSES
ESSES
ESSES
ESSES
ESSES
ESSES
ESSES
ESSES
ESSES
ESSES
ESSES
ESSES
ESSES
ESSES
ESSES
ESSES
ESSES
ESSE
